===========================================
Date: 2025-12-15 10:34:03
To: dkasun558@gmail.com (Dilshan)
Subject: jh
Application ID: EWF-000010
Message:
dfff
===========================================

===========================================
Date: 2025-12-15 10:34:45
To: dkasun558@gmail.com (Dilshan)
Subject: Congratulations! Your Application Has Been Approved - EWF-000010
Application ID: EWF-000010
Message:
Dear Dilshan,

We are pleased to inform you that your investment application has been approved!

Application Reference: EWF-000010

Your investment account has been activated. Our team will contact you shortly with the next steps.

Welcome to the EcoWealth family!

Best regards,
EcoWealth Finance Team
===========================================

